01:17 14-08-2025

# Get in right directory

# Get up to date
warning: fetch updated the current branch head.
fast-forwarding your working tree from
commit be91bcd234247c72b391987a8af6461640b20f1d.
error: Your local changes to the following files would be overwritten by merge:
	Logs/Laurens.log
	Logs/Madelief.log
Please commit your changes or stash them before you merge.
Aborting
fatal: Cannot fast-forward your working tree.
After making sure that you saved anything precious from
$ git diff be91bcd234247c72b391987a8af6461640b20f1d
output, run
$ git reset --hard
to recover.

# Run main file
Done


01:30 14-08-2025

# Get in right directory

# Get up to date
Your configuration specifies to merge with the ref 'refs/heads/main'
from the remote, but no such ref was fetched.

# Run main file
Done


02:00 14-08-2025

# Get in right directory

# Get up to date
Already up to date.

# Run main file
Done


02:30 14-08-2025

# Get in right directory

# Get up to date
Already up to date.

# Run main file
Done


03:00 14-08-2025

# Get in right directory

# Get up to date
Already up to date.

# Run main file
Done


03:30 14-08-2025

# Get in right directory

# Get up to date
Already up to date.

# Run main file
Done


04:00 14-08-2025

# Get in right directory

# Get up to date
Already up to date.

# Run main file
Done


04:30 14-08-2025

# Get in right directory

# Get up to date
Already up to date.

# Run main file
Done


05:00 14-08-2025

# Get in right directory

# Get up to date
Already up to date.

# Run main file
Done


05:30 14-08-2025

# Get in right directory

# Get up to date
Already up to date.

# Run main file
Done


06:00 14-08-2025

# Get in right directory

# Get up to date
Already up to date.

# Run main file
Done


06:30 14-08-2025

# Get in right directory

# Get up to date
Already up to date.

# Run main file
Done


07:00 14-08-2025

# Get in right directory

# Get up to date
Already up to date.

# Run main file
Done


07:30 14-08-2025

# Get in right directory

# Get up to date
Already up to date.

# Run main file
Done


08:00 14-08-2025

# Get in right directory

# Get up to date
Already up to date.

# Run main file
Done


08:30 14-08-2025

# Get in right directory

# Get up to date
Already up to date.

# Run main file
Done


09:00 14-08-2025

# Get in right directory

# Get up to date
Already up to date.

# Run main file
Done


09:30 14-08-2025

# Get in right directory

# Get up to date
Already up to date.

# Run main file
Done


09:53 14-08-2025

# Get in right directory

# Get up to date
warning: fetch updated the current branch head.
fast-forwarding your working tree from
commit ab7e27a3683e6db77b11f967a98f65ade3b1627e.
error: Your local changes to the following files would be overwritten by merge:
	Logs/Laurens.log
	Logs/Madelief.log
Please commit your changes or stash them before you merge.
Aborting
fatal: Cannot fast-forward your working tree.
After making sure that you saved anything precious from
$ git diff ab7e27a3683e6db77b11f967a98f65ade3b1627e
output, run
$ git reset --hard
to recover.

# Run main file
Done


10:00 14-08-2025

# Get in right directory

# Get up to date
Already up to date.

# Run main file
Done


10:30 14-08-2025

# Get in right directory

# Get up to date
Already up to date.

# Run main file
Done


10:45 14-08-2025

# Get in right directory

# Get up to date
Already up to date.

# Run main file
Done


10:50 14-08-2025

# Get in right directory

# Get up to date
warning: fetch updated the current branch head.
fast-forwarding your working tree from
commit f3864280874a1f1ae51b1c28dee46c3b7a3a78bd.
error: Your local changes to the following files would be overwritten by merge:
	Logs/Laurens.log
	Logs/Madelief.log
Please commit your changes or stash them before you merge.
error: The following untracked working tree files would be overwritten by merge:
	Madelief/Final-File.ics
Please move or remove them before you merge.
Aborting
fatal: Cannot fast-forward your working tree.
After making sure that you saved anything precious from
$ git diff f3864280874a1f1ae51b1c28dee46c3b7a3a78bd
output, run
$ git reset --hard
to recover.

# Run main file
Done


10:59 14-08-2025

# Get in right directory

# Get up to date
fatal: unable to access 'https://github.com/LaurensGamet/Somtoday_Agendas.git/': Could not resolve host: github.com

# Run main file
11:05 14-08-2025

# Get in right directory

# Get up to date
warning: fetch updated the current branch head.
fast-forwarding your working tree from
commit eb6189cadecc9d368850ebffc9749811f8f61ca1.
error: Your local changes to the following files would be overwritten by merge:
	Logs/Laurens.log
	Logs/Madelief.log
Please commit your changes or stash them before you merge.
error: The following untracked working tree files would be overwritten by merge:
	Laurens/Final-File.ics
Please move or remove them before you merge.
Aborting
fatal: Cannot fast-forward your working tree.
After making sure that you saved anything precious from
$ git diff eb6189cadecc9d368850ebffc9749811f8f61ca1
output, run
$ git reset --hard
to recover.

# Run main file
Done


11:30 14-08-2025

# Get in right directory

# Get up to date
Already up to date.

# Run main file
Done


12:00 14-08-2025

# Get in right directory

# Get up to date
warning: fetch updated the current branch head.
fast-forwarding your working tree from
commit d324622c958d9d152f74488d3d9f04488ca74103.
error: Your local changes to the following files would be overwritten by merge:
	Logs/Laurens.log
	Logs/Madelief.log
Please commit your changes or stash them before you merge.
Aborting
fatal: Cannot fast-forward your working tree.
After making sure that you saved anything precious from
$ git diff d324622c958d9d152f74488d3d9f04488ca74103
output, run
$ git reset --hard
to recover.

# Run main file
12:01 14-08-2025

# Get in right directory

# Get up to date
Done


Already up to date.

# Run main file
Done


12:30 14-08-2025

# Get in right directory

# Get up to date
Already up to date.

# Run main file
Done


13:00 14-08-2025

# Get in right directory

# Get up to date
Already up to date.

# Run main file
Done


13:30 14-08-2025

# Get in right directory

# Get up to date
Already up to date.

# Run main file
Done


14:00 14-08-2025

# Get in right directory

# Get up to date
Already up to date.

# Run main file
Done


14:30 14-08-2025

# Get in right directory

# Get up to date
Already up to date.

# Run main file
Done


15:00 14-08-2025

# Get in right directory

# Get up to date
Already up to date.

# Run main file
Done


15:30 14-08-2025

# Get in right directory

# Get up to date
Already up to date.

# Run main file
Done


16:00 14-08-2025

# Get in right directory

# Get up to date
Already up to date.

# Run main file
Done


16:30 14-08-2025

# Get in right directory

# Get up to date
Already up to date.

# Run main file
Done


17:00 14-08-2025

# Get in right directory

# Get up to date
Already up to date.

# Run main file
Done


17:30 14-08-2025

# Get in right directory

# Get up to date
Already up to date.

# Run main file
Done


18:00 14-08-2025

# Get in right directory

# Get up to date
Already up to date.

# Run main file
Done


18:30 14-08-2025

# Get in right directory

# Get up to date
Already up to date.

# Run main file
Done


19:00 14-08-2025

# Get in right directory

# Get up to date
Already up to date.

# Run main file
Done


19:30 14-08-2025

# Get in right directory

# Get up to date
Already up to date.

# Run main file
Done


20:00 14-08-2025

# Get in right directory

# Get up to date
Already up to date.

# Run main file
Done


20:30 14-08-2025

# Get in right directory

# Get up to date
Already up to date.

# Run main file
Done


21:00 14-08-2025

# Get in right directory

# Get up to date
Already up to date.

# Run main file
Done


22:48 14-08-2025

# Get in right directory

# Get up to date
Already up to date.

# Run main file
Done


