19:06 18-08-2025

# Get in right directory

# Get up to date
Already up to date.

# Run main file
Done


19:30 18-08-2025

# Get in right directory

# Get up to date
Already up to date.

# Run main file
Done


20:00 18-08-2025

# Get in right directory

# Get up to date
Already up to date.

# Run main file
Done


20:30 18-08-2025

# Get in right directory

# Get up to date
Already up to date.

# Run main file
Done


21:00 18-08-2025

# Get in right directory

# Get up to date
Already up to date.

# Run main file
Done


21:25 18-08-2025

# Get in right directory

# Get up to date
Already up to date.

# Run main file
Done


21:33 18-08-2025

# Get in right directory

# Get up to date
21:33 18-08-2025

# Get in right directory

# Get up to date
Already up to date.

# Run main file
Already up to date.

# Run main file
Done


Done


21:49 18-08-2025

# Get in right directory

# Get up to date
warning: fetch updated the current branch head.
fast-forwarding your working tree from
commit 14c19b5ca7d94e31415596ac907236c0fbc003b0.
Already up to date.

# Run main file
Done


22:00 18-08-2025

# Get in right directory

# Get up to date
Already up to date.

# Run main file
Done


22:06 18-08-2025

# Get in right directory

# Get up to date
warning: fetch updated the current branch head.
fast-forwarding your working tree from
commit 1fb10686f36d9118e541e52354db9ab60a9703ba.
error: Your local changes to the following files would be overwritten by merge:
	Laurens/Final-File.ics
	Logs/Laurens.log
	Logs/Madelief.log
	Madelief/Final-File.ics
Please commit your changes or stash them before you merge.
Aborting
fatal: Cannot fast-forward your working tree.
After making sure that you saved anything precious from
$ git diff 1fb10686f36d9118e541e52354db9ab60a9703ba
output, run
$ git reset --hard
to recover.

# Run main file
Done


22:19 18-08-2025

# Get in right directory

# Get up to date
Already up to date.

# Run main file
Done


22:27 18-08-2025

# Get in right directory

# Get up to date
Already up to date.

# Run main file
Done


22:30 18-08-2025

# Get in right directory

# Get up to date
Already up to date.

# Run main file
Done


22:39 18-08-2025

# Get in right directory

# Get up to date
warning: fetch updated the current branch head.
fast-forwarding your working tree from
commit 4939e793d4a12d3d87b1c79860560954467c9e7e.
Already up to date.

# Run main file
Done


23:00 18-08-2025

# Get in right directory

# Get up to date
Already up to date.

# Run main file
Done


23:08 18-08-2025

# Get in right directory

# Get up to date
warning: fetch updated the current branch head.
fast-forwarding your working tree from
commit 4ac3bbfbdf466a2ea31f46eda0c69545ca30972e.
error: Your local changes to the following files would be overwritten by merge:
	Laurens/Final-File.ics
	Logs/Laurens.log
	Logs/Madelief.log
Please commit your changes or stash them before you merge.
Aborting
fatal: Cannot fast-forward your working tree.
After making sure that you saved anything precious from
$ git diff 4ac3bbfbdf466a2ea31f46eda0c69545ca30972e
output, run
$ git reset --hard
to recover.

# Run main file
Done


23:21 18-08-2025

# Get in right directory

# Get up to date
Already up to date.

# Run main file
Done


23:30 18-08-2025

# Get in right directory

# Get up to date
Already up to date.

# Run main file
Done


23:40 18-08-2025

# Get in right directory

# Get up to date
Already up to date.

# Run main file
Done


23:47 18-08-2025

# Get in right directory

# Get up to date
Already up to date.

# Run main file
Done


23:50 18-08-2025

# Get in right directory

# Get up to date
warning: fetch updated the current branch head.
fast-forwarding your working tree from
commit 1de45a134d07ac8455b2d3095d7e86bf21e15fb4.
error: Your local changes to the following files would be overwritten by merge:
	Laurens/Final-File.ics
	Logs/Laurens.log
	Logs/Madelief.log
Please commit your changes or stash them before you merge.
Aborting
fatal: Cannot fast-forward your working tree.
After making sure that you saved anything precious from
$ git diff 1de45a134d07ac8455b2d3095d7e86bf21e15fb4
output, run
$ git reset --hard
to recover.

# Run main file
Done


23:56 18-08-2025

# Get in right directory

# Get up to date
