00:15 29-07-2025

# Get in right directory

# Get up to date
Already up to date.

# Run main file
Done


00:30 29-07-2025

# Get in right directory

# Get up to date
Already up to date.

# Run main file
Done


01:00 29-07-2025

# Get in right directory

# Get up to date
Already up to date.

# Run main file
Done


01:30 29-07-2025

# Get in right directory

# Get up to date
Already up to date.

# Run main file
Done


02:00 29-07-2025

# Get in right directory

# Get up to date
Already up to date.

# Run main file
Done


02:30 29-07-2025

# Get in right directory

# Get up to date
Already up to date.

# Run main file
Done


03:00 29-07-2025

# Get in right directory

# Get up to date
Already up to date.

# Run main file
Done


03:30 29-07-2025

# Get in right directory

# Get up to date
Already up to date.

# Run main file
Done


04:00 29-07-2025

# Get in right directory

# Get up to date
Already up to date.

# Run main file
Done


04:30 29-07-2025

# Get in right directory

# Get up to date
Already up to date.

# Run main file
Done


05:00 29-07-2025

# Get in right directory

# Get up to date
Already up to date.

# Run main file
Done


05:30 29-07-2025

# Get in right directory

# Get up to date
Already up to date.

# Run main file
Done


06:00 29-07-2025

# Get in right directory

# Get up to date
Already up to date.

# Run main file
Done


06:30 29-07-2025

# Get in right directory

# Get up to date
Already up to date.

# Run main file
Done


07:00 29-07-2025

# Get in right directory

# Get up to date
Already up to date.

# Run main file
Done


07:30 29-07-2025

# Get in right directory

# Get up to date
Already up to date.

# Run main file
Done


08:00 29-07-2025

# Get in right directory

# Get up to date
Already up to date.

# Run main file
Done


08:30 29-07-2025

# Get in right directory

# Get up to date
Already up to date.

# Run main file
Done


09:00 29-07-2025

# Get in right directory

# Get up to date
Already up to date.

# Run main file
Done


09:30 29-07-2025

# Get in right directory

# Get up to date
Already up to date.

# Run main file
Done


10:00 29-07-2025

# Get in right directory

# Get up to date
Already up to date.

# Run main file
Done


10:30 29-07-2025

# Get in right directory

# Get up to date
Already up to date.

# Run main file
Done


11:00 29-07-2025

# Get in right directory

# Get up to date
Already up to date.

# Run main file
Done


11:30 29-07-2025

# Get in right directory

# Get up to date
Already up to date.

# Run main file
Done


12:00 29-07-2025

# Get in right directory

# Get up to date
Already up to date.

# Run main file
Done


12:30 29-07-2025

# Get in right directory

# Get up to date
Already up to date.

# Run main file
Done


13:00 29-07-2025

# Get in right directory

# Get up to date
Already up to date.

# Run main file
Done


13:30 29-07-2025

# Get in right directory

# Get up to date
Already up to date.

# Run main file
Done


14:00 29-07-2025

# Get in right directory

# Get up to date
Already up to date.

# Run main file
Done


14:30 29-07-2025

# Get in right directory

# Get up to date
Already up to date.

# Run main file
Done


15:00 29-07-2025

# Get in right directory

# Get up to date
Already up to date.

# Run main file
Done


15:30 29-07-2025

# Get in right directory

# Get up to date
Already up to date.

# Run main file
Done


16:00 29-07-2025

# Get in right directory

# Get up to date
Already up to date.

# Run main file
Done


16:30 29-07-2025

# Get in right directory

# Get up to date
Already up to date.

# Run main file
Done


17:00 29-07-2025

# Get in right directory

# Get up to date
Already up to date.

# Run main file
Done


17:30 29-07-2025

# Get in right directory

# Get up to date
Already up to date.

# Run main file
Done


18:00 29-07-2025

# Get in right directory

# Get up to date
Already up to date.

# Run main file
Done


18:30 29-07-2025

# Get in right directory

# Get up to date
Already up to date.

# Run main file
Done


19:00 29-07-2025

# Get in right directory

# Get up to date
Already up to date.

# Run main file
Done


19:30 29-07-2025

# Get in right directory

# Get up to date
Already up to date.

# Run main file
Done


19:54 29-07-2025

# Get in right directory

# Get up to date
warning: fetch updated the current branch head.
fast-forwarding your working tree from
commit 9864d04c5e69c2e2430647ffcb7f570f62c96f86.
error: Your local changes to the following files would be overwritten by merge:
	Logs/Laurens.log
	Logs/Madelief.log
Please commit your changes or stash them before you merge.
Aborting
fatal: Cannot fast-forward your working tree.
After making sure that you saved anything precious from
$ git diff 9864d04c5e69c2e2430647ffcb7f570f62c96f86
output, run
$ git reset --hard
to recover.

# Run main file
Done


20:00 29-07-2025

# Get in right directory

# Get up to date
Already up to date.

# Run main file
Done


20:06 29-07-2025

# Get in right directory

# Get up to date
Already up to date.

# Run main file
Done


20:14 29-07-2025

# Get in right directory

# Get up to date
warning: fetch updated the current branch head.
fast-forwarding your working tree from
commit 9ef3f91e9b54e667d045cd146eece0ef4d06afce.
error: Your local changes to the following files would be overwritten by merge:
	Logs/Laurens.log
	Logs/Madelief.log
Please commit your changes or stash them before you merge.
Aborting
fatal: Cannot fast-forward your working tree.
After making sure that you saved anything precious from
$ git diff 9ef3f91e9b54e667d045cd146eece0ef4d06afce
output, run
$ git reset --hard
to recover.

# Run main file
Done


20:22 29-07-2025

# Get in right directory

# Get up to date
warning: fetch updated the current branch head.
fast-forwarding your working tree from
commit 893936a3aa7e2b76010f554706f360056ef420d8.
error: Your local changes to the following files would be overwritten by merge:
	Logs/Laurens.log
	Logs/Madelief.log
Please commit your changes or stash them before you merge.
Aborting
fatal: Cannot fast-forward your working tree.
After making sure that you saved anything precious from
$ git diff 893936a3aa7e2b76010f554706f360056ef420d8
output, run
$ git reset --hard
to recover.

# Run main file
Done


20:30 29-07-2025

# Get in right directory

# Get up to date
Already up to date.

# Run main file
Done


20:49 29-07-2025

# Get in right directory

# Get up to date
warning: fetch updated the current branch head.
fast-forwarding your working tree from
commit 139fbb158397c2c3eadd7592e55f15c20329c3f0.
error: Your local changes to the following files would be overwritten by merge:
	Logs/Laurens.log
	Logs/Madelief.log
Please commit your changes or stash them before you merge.
Aborting
fatal: Cannot fast-forward your working tree.
After making sure that you saved anything precious from
$ git diff 139fbb158397c2c3eadd7592e55f15c20329c3f0
output, run
$ git reset --hard
to recover.

# Run main file
Done


20:56 29-07-2025

# Get in right directory

# Get up to date
warning: fetch updated the current branch head.
fast-forwarding your working tree from
commit 35e5ed278a2e1058da376d99fa64ea8728a01376.
error: Your local changes to the following files would be overwritten by merge:
	Logs/Laurens.log
	Logs/Madelief.log
Please commit your changes or stash them before you merge.
Aborting
fatal: Cannot fast-forward your working tree.
After making sure that you saved anything precious from
$ git diff 35e5ed278a2e1058da376d99fa64ea8728a01376
output, run
$ git reset --hard
to recover.

# Run main file
21:02 29-07-2025

# Get in right directory

# Get up to date
21:03 29-07-2025

# Get in right directory

# Get up to date
Already up to date.

# Run main file
Already up to date.

# Run main file
Done


Done


21:30 29-07-2025

# Get in right directory

# Get up to date
Already up to date.

# Run main file
Done


21:53 29-07-2025

# Get in right directory

# Get up to date
warning: fetch updated the current branch head.
fast-forwarding your working tree from
commit ee25d42ba49fa53badaa0a5e54c84f6fdd00013f.
Already up to date.

# Run main file
Done


22:00 29-07-2025

# Get in right directory

# Get up to date
Already up to date.

# Run main file
Done


22:30 29-07-2025

# Get in right directory

# Get up to date
Already up to date.

# Run main file
Done


23:00 29-07-2025

# Get in right directory

# Get up to date
Already up to date.

# Run main file
Done


23:30 29-07-2025

# Get in right directory

# Get up to date
Already up to date.

# Run main file
Done


00:00 30-07-2025

# Get in right directory

# Get up to date
Already up to date.

# Run main file
Done


00:30 30-07-2025

# Get in right directory

# Get up to date
Already up to date.

# Run main file
Done


01:00 30-07-2025

# Get in right directory

# Get up to date
Already up to date.

# Run main file
Done


01:30 30-07-2025

# Get in right directory

# Get up to date
Already up to date.

# Run main file
Done


02:00 30-07-2025

# Get in right directory

# Get up to date
Already up to date.

# Run main file
Done


02:30 30-07-2025

# Get in right directory

# Get up to date
Already up to date.

# Run main file
Done


03:00 30-07-2025

# Get in right directory

# Get up to date
Already up to date.

# Run main file
Done


03:30 30-07-2025

# Get in right directory

# Get up to date
Already up to date.

# Run main file
Done


04:00 30-07-2025

# Get in right directory

# Get up to date
Already up to date.

# Run main file
Done


04:30 30-07-2025

# Get in right directory

# Get up to date
Already up to date.

# Run main file
Done


05:00 30-07-2025

# Get in right directory

# Get up to date
Already up to date.

# Run main file
Done


05:30 30-07-2025

# Get in right directory

# Get up to date
Already up to date.

# Run main file
Done


06:00 30-07-2025

# Get in right directory

# Get up to date
Already up to date.

# Run main file
Done


06:30 30-07-2025

# Get in right directory

# Get up to date
Already up to date.

# Run main file
Done


07:00 30-07-2025

# Get in right directory

# Get up to date
Already up to date.

# Run main file
Done


07:30 30-07-2025

# Get in right directory

# Get up to date
Already up to date.

# Run main file
Done


08:00 30-07-2025

# Get in right directory

# Get up to date
Already up to date.

# Run main file
Done


08:30 30-07-2025

# Get in right directory

# Get up to date
Already up to date.

# Run main file
Done


09:00 30-07-2025

# Get in right directory

# Get up to date
Already up to date.

# Run main file
Done


09:30 30-07-2025

# Get in right directory

# Get up to date
Already up to date.

# Run main file
Done


10:00 30-07-2025

# Get in right directory

# Get up to date
Already up to date.

# Run main file
Done


10:30 30-07-2025

# Get in right directory

# Get up to date
Already up to date.

# Run main file
Done


11:00 30-07-2025

# Get in right directory

# Get up to date
Already up to date.

# Run main file
Done


11:30 30-07-2025

# Get in right directory

# Get up to date
Already up to date.

# Run main file
Done


12:00 30-07-2025

# Get in right directory

# Get up to date
Already up to date.

# Run main file
Done


12:30 30-07-2025

# Get in right directory

# Get up to date
Already up to date.

# Run main file
Done


13:00 30-07-2025

# Get in right directory

# Get up to date
Already up to date.

# Run main file
Done


13:31 30-07-2025

# Get in right directory

# Get up to date
Already up to date.

# Run main file
Done


14:00 30-07-2025

# Get in right directory

# Get up to date
Already up to date.

# Run main file
Done


14:30 30-07-2025

# Get in right directory

# Get up to date
Already up to date.

# Run main file
Done


15:00 30-07-2025

# Get in right directory

# Get up to date
Already up to date.

# Run main file
Done


15:30 30-07-2025

# Get in right directory

# Get up to date
Already up to date.

# Run main file
Done


16:00 30-07-2025

# Get in right directory

# Get up to date
Already up to date.

# Run main file
Done


16:30 30-07-2025

# Get in right directory

# Get up to date
Already up to date.

# Run main file
Done


17:00 30-07-2025

# Get in right directory

# Get up to date
Already up to date.

# Run main file
Done


